\BOOKMARK [1][-]{section.1}{Introduction}{}% 1
\BOOKMARK [1][-]{section.2}{Related Work}{}% 2
\BOOKMARK [1][-]{section.3}{Method}{}% 3
\BOOKMARK [2][-]{subsection.3.1}{Problem Setup}{section.3}% 4
\BOOKMARK [2][-]{subsection.3.2}{Contextual Gaussian Feature Field}{section.3}% 5
\BOOKMARK [2][-]{subsection.3.3}{Training Objective}{section.3}% 6
\BOOKMARK [2][-]{subsection.3.4}{Dense Reconstruction and Adaptor-Space Regularization}{section.3}% 7
\BOOKMARK [2][-]{subsection.3.5}{Warm-Start Protocol}{section.3}% 8
\BOOKMARK [2][-]{subsection.3.6}{Sparse Primitive Anchoring by Multiview Registration}{section.3}% 9
\BOOKMARK [2][-]{subsection.3.7}{Query Modes and Support Calibration}{section.3}% 10
\BOOKMARK [1][-]{section.4}{Experiments}{}% 11
\BOOKMARK [2][-]{subsection.4.1}{Evaluation Protocol and Provenance}{section.4}% 12
\BOOKMARK [2][-]{subsection.4.2}{LERF-OVS Main Result}{section.4}% 13
\BOOKMARK [2][-]{subsection.4.3}{LERF Direct 3D Object Selection}{section.4}% 14
\BOOKMARK [2][-]{subsection.4.4}{Rendered Features vs. Original RADIO Features}{section.4}% 15
\BOOKMARK [2][-]{subsection.4.5}{Core Component Ablation}{section.4}% 16
\BOOKMARK [2][-]{subsection.4.6}{Storage Footprint}{section.4}% 17
\BOOKMARK [2][-]{subsection.4.7}{Adaptor Downstream Probes}{section.4}% 18
\BOOKMARK [2][-]{subsection.4.8}{ScanNet Direct Point-Query Transfer}{section.4}% 19
\BOOKMARK [2][-]{subsection.4.9}{Efficiency and Cost}{section.4}% 20
\BOOKMARK [2][-]{subsection.4.10}{Qualitative Results}{section.4}% 21
\BOOKMARK [2][-]{subsection.4.11}{Failure Analysis}{section.4}% 22
\BOOKMARK [1][-]{section.5}{Discussion}{}% 23
\BOOKMARK [1][-]{section.6}{Limitations}{}% 24
\BOOKMARK [1][-]{section.7}{Conclusion}{}% 25
\BOOKMARK [1][-]{section*.1}{References}{}% 26
